// Jest Snapshot v1, https://goo.gl/fbAQLP

exports[`<ProjectsDropdown> renders correctly 1`] = `
<div
  className="sc-bdVaJa ePGVPP"
>
  <h5>
    2. Choose a project
  </h5>
  <div
    className="pt-select pt-fill"
  >
    <select
      onChange={[Function]}
    >
      <option
        value={1}
      >
        project 1
      </option>
      <option
        value={2}
      >
        project 2
      </option>
    </select>
  </div>
</div>
`;
