// Jest Snapshot v1, https://goo.gl/fbAQLP

exports[`<RolesDropdown> renders correctly 1`] = `
<div
  className="sc-bdVaJa ePGVPP"
>
  <h5>
    3. Choose a role
  </h5>
  <div
    className="pt-select pt-fill"
  >
    <select
      onChange={[Function]}
    >
      <option
        value={1}
      >
        role 1
      </option>
      <option
        value={2}
      >
        role 2
      </option>
    </select>
  </div>
</div>
`;
